// Jest Snapshot v1, https://goo.gl/fbAQLP

exports[`renders correctly 1`] = `
<View
  style={
    Object {
      "alignItems": "center",
      "backgroundColor": "rgba(0, 0, 0, 0.6)",
      "bottom": 0,
      "justifyContent": "center",
      "left": 0,
      "position": "absolute",
      "right": 0,
      "top": 0,
    }
  }
>
  <ActivityIndicator
    animating={true}
    color="#8fc0e8"
    hidesWhenStopped={true}
    size="large"
  />
  <Text
    style={
      Object {
        "color": "#FFFFFF",
        "marginTop": 10,
      }
    }
  />
</View>
`;
